// Jest Snapshot v1, https://goo.gl/fbAQLP

exports[`testing Dashboard... renders correctly 1`] = `
<RCTSafeAreaView
  style={
    Object {
      "backgroundColor": "#1c2227",
      "flex": 1,
    }
  }
>
  <RCTScrollView
    style={
      Object {
        "backgroundColor": "#1c2227",
        "flex": 1,
      }
    }
  >
    <View>
      <View
        style={
          Object {
            "backgroundColor": "transparent",
            "borderColor": "#4d9678",
            "borderRadius": 5,
            "borderWidth": 2,
            "height": NaN,
            "margin": 5,
            "overflow": "hidden",
          }
        }
      >
        <View
          style={
            Object {
              "width": "100%",
            }
          }
        >
          <Image
            source={1}
            style={
              Array [
                Object {
                  "bottom": 0,
                  "left": 0,
                  "position": "absolute",
                  "right": 0,
                  "top": 0,
                },
                Object {
                  "height": undefined,
                  "width": "100%",
                },
                undefined,
              ]
            }
          />
          <View
            accessible={true}
            isTVSelectable={true}
            onResponderGrant={[Function]}
            onResponderMove={[Function]}
            onResponderRelease={[Function]}
            onResponderTerminate={[Function]}
            onResponderTerminationRequest={[Function]}
            onStartShouldSetResponder={[Function]}
            style={Object {}}
          >
            <View
              onLayout={[Function]}
              style={
                Object {
                  "flexDirection": "row",
                }
              }
            >
              <Text
                accessible={true}
                allowFontScaling={true}
                ellipsizeMode="tail"
                style={
                  Object {
                    "color": "#fff",
                    "flex": 1,
                    "fontFamily": "TitilliumWeb-Bold",
                    "padding": 10,
                  }
                }
              >
                Panel with some dynamic stuff
              </Text>
              <Image
                source={1}
                style={
                  Object {
                    "backgroundColor": "transparent",
                    "height": 25,
                    "width": 30,
                  }
                }
              />
            </View>
          </View>
          <View
            onLayout={[Function]}
            style={
              Object {
                "padding": 10,
                "paddingTop": 0,
              }
            }
          >
            <Text
              accessible={true}
              allowFontScaling={true}
              ellipsizeMode="tail"
              style={
                Object {
                  "color": "#ffffff",
                  "fontFamily": "TitilliumWeb-Light",
                  "fontSize": 16,
                }
              }
            >
              Target Price: 
              0
            </Text>
          </View>
        </View>
      </View>
      <View
        style={
          Object {
            "backgroundColor": "transparent",
            "borderColor": "#4d9678",
            "borderRadius": 5,
            "borderWidth": 2,
            "height": NaN,
            "margin": 5,
            "overflow": "hidden",
          }
        }
      >
        <View
          style={
            Object {
              "width": "100%",
            }
          }
        >
          <Image
            source={1}
            style={
              Array [
                Object {
                  "bottom": 0,
                  "left": 0,
                  "position": "absolute",
                  "right": 0,
                  "top": 0,
                },
                Object {
                  "height": undefined,
                  "width": "100%",
                },
                undefined,
              ]
            }
          />
          <View
            accessible={true}
            isTVSelectable={true}
            onResponderGrant={[Function]}
            onResponderMove={[Function]}
            onResponderRelease={[Function]}
            onResponderTerminate={[Function]}
            onResponderTerminationRequest={[Function]}
            onStartShouldSetResponder={[Function]}
            style={Object {}}
          >
            <View
              onLayout={[Function]}
              style={
                Object {
                  "flexDirection": "row",
                }
              }
            >
              <Text
                accessible={true}
                allowFontScaling={true}
                ellipsizeMode="tail"
                style={
                  Object {
                    "color": "#fff",
                    "flex": 1,
                    "fontFamily": "TitilliumWeb-Bold",
                    "padding": 10,
                  }
                }
              >
                A Panel with long content text
              </Text>
              <Image
                source={1}
                style={
                  Object {
                    "backgroundColor": "transparent",
                    "height": 25,
                    "width": 30,
                  }
                }
              />
            </View>
          </View>
          <View
            onLayout={[Function]}
            style={
              Object {
                "padding": 10,
                "paddingTop": 0,
              }
            }
          >
            <Text
              accessible={true}
              allowFontScaling={true}
              ellipsizeMode="tail"
              style={
                Object {
                  "color": "#ffffff",
                  "fontFamily": "TitilliumWeb-Light",
                  "fontSize": 16,
                }
              }
            >
              Lorem ipsum dolor sit amet, ut vestibulum massa. Porttitor sed dis quis turpis ipsum est. Cursus mauris mattis nec in turpis quis, proin risus netus massa suspendisse nunc vitae, ut suspendisse sociosqu nulla, lobortis turpis amet dui vestibulum quis, sem ornare purus diam orci. Condimentum nulla euismod. Lacinia non exercitationem felis aenean cum, leo metus. Vel lectus id blandit massa, habitasse cum eget. Mi aliquet lacus mauris a nullam, montes magna nunc, porta vestibulum proin laoreet, ut vitae eros, non nullam. Lacus ac. Sapien tempor egestas curabitur, id molestie molestie.
            </Text>
          </View>
        </View>
      </View>
      <View
        style={
          Object {
            "backgroundColor": "transparent",
            "borderColor": "#4d9678",
            "borderRadius": 5,
            "borderWidth": 2,
            "height": NaN,
            "margin": 5,
            "overflow": "hidden",
          }
        }
      >
        <View
          style={
            Object {
              "width": "100%",
            }
          }
        >
          <Image
            source={1}
            style={
              Array [
                Object {
                  "bottom": 0,
                  "left": 0,
                  "position": "absolute",
                  "right": 0,
                  "top": 0,
                },
                Object {
                  "height": undefined,
                  "width": "100%",
                },
                undefined,
              ]
            }
          />
          <View
            accessible={true}
            isTVSelectable={true}
            onResponderGrant={[Function]}
            onResponderMove={[Function]}
            onResponderRelease={[Function]}
            onResponderTerminate={[Function]}
            onResponderTerminationRequest={[Function]}
            onStartShouldSetResponder={[Function]}
            style={Object {}}
          >
            <View
              onLayout={[Function]}
              style={
                Object {
                  "flexDirection": "row",
                }
              }
            >
              <Text
                accessible={true}
                allowFontScaling={true}
                ellipsizeMode="tail"
                style={
                  Object {
                    "color": "#fff",
                    "flex": 1,
                    "fontFamily": "TitilliumWeb-Bold",
                    "padding": 10,
                  }
                }
              >
                A Panel with long content text as well
              </Text>
              <Image
                source={1}
                style={
                  Object {
                    "backgroundColor": "transparent",
                    "height": 25,
                    "width": 30,
                  }
                }
              />
            </View>
          </View>
          <View
            onLayout={[Function]}
            style={
              Object {
                "padding": 10,
                "paddingTop": 0,
              }
            }
          >
            <Text
              accessible={true}
              allowFontScaling={true}
              ellipsizeMode="tail"
              style={
                Object {
                  "color": "#ffffff",
                  "fontFamily": "TitilliumWeb-Light",
                  "fontSize": 16,
                }
              }
            >
              Lorem ipsum dolor sit amet, elit fermentum fringilla ac porta, rhoncus vulputate pellentesque pellentesque semper, turpis in turpis leo lobortis tellus. Velit eu arcu dignissim suspendisse, sit nec a viverra dui vel in. Nibh elit dui justo nibh, tortor sodales iaculis est risus at urna. Etiam purus diam dignissim duis felis id, fusce vehicula per vel vestibulum aenean etiam, ultrices non, tristique nunc dolor, ante ut quam dignissim dolor sapien nonummy. Tellus molestie erat, vestibulum malesuada, vitae accumsan, ac urna varius integer nunc, nibh ac dapibus ac enim praesent ultricies.
            </Text>
          </View>
        </View>
      </View>
      <View
        style={
          Object {
            "backgroundColor": "transparent",
            "borderColor": "#4d9678",
            "borderRadius": 5,
            "borderWidth": 2,
            "height": NaN,
            "margin": 5,
            "overflow": "hidden",
          }
        }
      >
        <View
          style={
            Object {
              "width": "100%",
            }
          }
        >
          <Image
            source={1}
            style={
              Array [
                Object {
                  "bottom": 0,
                  "left": 0,
                  "position": "absolute",
                  "right": 0,
                  "top": 0,
                },
                Object {
                  "height": undefined,
                  "width": "100%",
                },
                undefined,
              ]
            }
          />
          <View
            accessible={true}
            isTVSelectable={true}
            onResponderGrant={[Function]}
            onResponderMove={[Function]}
            onResponderRelease={[Function]}
            onResponderTerminate={[Function]}
            onResponderTerminationRequest={[Function]}
            onStartShouldSetResponder={[Function]}
            style={Object {}}
          >
            <View
              onLayout={[Function]}
              style={
                Object {
                  "flexDirection": "row",
                }
              }
            >
              <Text
                accessible={true}
                allowFontScaling={true}
                ellipsizeMode="tail"
                style={
                  Object {
                    "color": "#fff",
                    "flex": 1,
                    "fontFamily": "TitilliumWeb-Bold",
                    "padding": 10,
                  }
                }
              >
                Another Panel
              </Text>
              <Image
                source={1}
                style={
                  Object {
                    "backgroundColor": "transparent",
                    "height": 25,
                    "width": 30,
                  }
                }
              />
            </View>
          </View>
          <View
            onLayout={[Function]}
            style={
              Object {
                "padding": 10,
                "paddingTop": 0,
              }
            }
          >
            <Text
              accessible={true}
              allowFontScaling={true}
              ellipsizeMode="tail"
              style={
                Object {
                  "color": "#ffffff",
                  "fontFamily": "TitilliumWeb-Light",
                  "fontSize": 16,
                }
              }
            >
              Lorem ipsum dolor sit amet...
            </Text>
          </View>
        </View>
      </View>
    </View>
  </RCTScrollView>
</RCTSafeAreaView>
`;
