// Jest Snapshot v1, https://goo.gl/fbAQLP

exports[`testing Settings... renders correctly 1`] = `
<RCTScrollView
  style={
    Object {
      "backgroundColor": "#1c2227",
      "flex": 1,
      "paddingBottom": 20,
      "paddingLeft": 20,
      "paddingRight": 20,
    }
  }
>
  <View>
    <View
      accessible={true}
      isTVSelectable={true}
      onResponderGrant={[Function]}
      onResponderMove={[Function]}
      onResponderRelease={[Function]}
      onResponderTerminate={[Function]}
      onResponderTerminationRequest={[Function]}
      onStartShouldSetResponder={[Function]}
      style={null}
    >
      <View
        style={
          Object {
            "alignItems": "flex-start",
            "borderBottomColor": "rgba(255, 255, 255, 0.054)",
            "borderBottomWidth": 1,
            "flexDirection": "row",
            "height": 68,
            "justifyContent": "flex-start",
            "paddingBottom": 20,
            "paddingHorizontal": 16,
            "paddingTop": 20,
          }
        }
      >
        <Text
          accessible={true}
          allowFontScaling={true}
          ellipsizeMode="tail"
          style={
            Object {
              "color": "#ffffff",
              "fontFamily": "TitilliumWeb-Regular",
              "fontSize": 20,
            }
          }
        >
          Logout
        </Text>
      </View>
    </View>
  </View>
</RCTScrollView>
`;
