// Jest Snapshot v1, https://goo.gl/fbAQLP

exports[`testing SetupEncryptionPassword... renders correctly 1`] = `
<RCTSafeAreaView
  style={
    Object {
      "backgroundColor": "#1c2227",
      "flex": 1,
    }
  }
>
  <View
    style={
      Object {
        "backgroundColor": "#1c2227",
        "flex": 1,
        "paddingBottom": 10,
        "paddingLeft": 10,
        "paddingRight": 10,
        "paddingTop": 10,
      }
    }
  >
    <RCTScrollView
      style={
        Object {
          "flex": 1,
        }
      }
    >
      <View>
        <View>
          <Text
            accessible={true}
            allowFontScaling={true}
            ellipsizeMode="tail"
            style={
              Object {
                "color": "#ffffff",
                "fontFamily": "TitilliumWeb-Regular",
                "fontSize": 22,
              }
            }
          >
            Create an app password
          </Text>
        </View>
        <View>
          <RCTProgressView
            progress={0.25}
            style={
              Array [
                Object {
                  "height": 2,
                },
                undefined,
              ]
            }
          />
        </View>
        <View>
          <Text
            accessible={true}
            allowFontScaling={true}
            ellipsizeMode="tail"
            onPress={[Function]}
            style={
              Object {
                "color": "#ffffff",
                "fontFamily": "TitilliumWeb-Regular",
                "fontSize": 22,
              }
            }
          >
            Data in this app will be encrypted to protect your ndau. You will need to enter a password to decrypt it whenever you open this app.
              
            <Text
              accessible={true}
              allowFontScaling={false}
              ellipsizeMode="tail"
              style={
                Array [
                  Object {
                    "color": "#ffffff",
                    "fontSize": 20,
                  },
                  Object {
                    "marginBottom": 3,
                  },
                  Object {
                    "fontFamily": "FontAwesome",
                    "fontStyle": "normal",
                    "fontWeight": "normal",
                  },
                ]
              }
            >
              
            </Text>
          </Text>
        </View>
        <TextInput
          allowFontScaling={true}
          onChangeText={[Function]}
          placeholder="Enter a password"
          placeholderTextColor="#333"
          secureTextEntry={true}
          style={
            Object {
              "backgroundColor": "#ffffff",
              "borderColor": "gray",
              "borderWidth": 1,
              "color": "#000000",
              "fontFamily": "TitilliumWeb-Regular",
              "fontSize": 18,
              "height": 45,
              "marginBottom": 10,
              "marginTop": 10,
              "paddingLeft": 10,
            }
          }
          value=""
        />
        <TextInput
          allowFontScaling={true}
          onChangeText={[Function]}
          placeholder="Confirm your password"
          placeholderTextColor="#333"
          secureTextEntry={true}
          style={
            Object {
              "backgroundColor": "#ffffff",
              "borderColor": "gray",
              "borderWidth": 1,
              "color": "#000000",
              "fontFamily": "TitilliumWeb-Regular",
              "fontSize": 18,
              "height": 45,
              "marginBottom": 10,
              "marginTop": 10,
              "paddingLeft": 10,
            }
          }
          value=""
        />
        <View>
          <View
            accessible={true}
            isTVSelectable={true}
            onResponderGrant={[Function]}
            onResponderMove={[Function]}
            onResponderRelease={[Function]}
            onResponderTerminate={[Function]}
            onResponderTerminationRequest={[Function]}
            onStartShouldSetResponder={[Function]}
            style={null}
          >
            <View
              style={
                Object {
                  "alignItems": "center",
                  "flexDirection": "row",
                }
              }
            >
              <Image
                source={
                  Object {
                    "testUri": "../../react-native-check-box/img/ic_check_box_outline_blank.png",
                  }
                }
                style={
                  Object {
                    "tintColor": "#ffffff",
                  }
                }
              />
              <Text
                accessible={true}
                allowFontScaling={true}
                ellipsizeMode="tail"
                style={
                  Array [
                    Object {
                      "flex": 1,
                      "marginLeft": 10,
                    },
                    Object {
                      "color": "#ffffff",
                      "fontFamily": "TitilliumWeb-Regular",
                      "fontSize": 20,
                    },
                  ]
                }
              >
                Show passwords
              </Text>
            </View>
          </View>
        </View>
        <View>
          <View
            accessible={true}
            isTVSelectable={true}
            onResponderGrant={[Function]}
            onResponderMove={[Function]}
            onResponderRelease={[Function]}
            onResponderTerminate={[Function]}
            onResponderTerminationRequest={[Function]}
            onStartShouldSetResponder={[Function]}
            style={null}
          >
            <View
              style={
                Object {
                  "alignItems": "center",
                  "flexDirection": "row",
                }
              }
            >
              <Image
                source={
                  Object {
                    "testUri": "../../react-native-check-box/img/ic_check_box_outline_blank.png",
                  }
                }
                style={
                  Object {
                    "tintColor": "#ffffff",
                  }
                }
              />
              <Text
                accessible={true}
                allowFontScaling={true}
                ellipsizeMode="tail"
                style={
                  Array [
                    Object {
                      "flex": 1,
                      "marginLeft": 10,
                    },
                    Object {
                      "color": "#ffffff",
                      "fontFamily": "TitilliumWeb-Regular",
                      "fontSize": 20,
                    },
                  ]
                }
              >
                I understand that ndau cannot help me recover my password. To increase security, ndau does not store or have access to my password
              </Text>
            </View>
          </View>
        </View>
      </View>
    </RCTScrollView>
    <View
      style={
        Object {
          "justifyContent": "flex-end",
        }
      }
    >
      <View
        accessibilityComponentType="button"
        accessibilityTraits={
          Array [
            "button",
            "disabled",
          ]
        }
        accessible={true}
        isTVSelectable={true}
        onResponderGrant={[Function]}
        onResponderMove={[Function]}
        onResponderRelease={[Function]}
        onResponderTerminate={[Function]}
        onResponderTerminationRequest={[Function]}
        onStartShouldSetResponder={[Function]}
        style={
          Object {
            "opacity": 1,
          }
        }
      >
        <View
          style={
            Array [
              Object {},
              Object {},
            ]
          }
        >
          <Text
            accessible={true}
            allowFontScaling={true}
            disabled={true}
            ellipsizeMode="tail"
            style={
              Array [
                Object {
                  "color": "#007AFF",
                  "fontSize": 18,
                  "padding": 8,
                  "textAlign": "center",
                },
                Object {
                  "color": "#4d9678",
                },
                Object {
                  "color": "#cdcdcd",
                },
              ]
            }
          >
            Next
          </Text>
        </View>
      </View>
    </View>
  </View>
</RCTSafeAreaView>
`;
