// Jest Snapshot v1, https://goo.gl/fbAQLP

exports[`testing SetupGetRecoveryPhrase... renders correctly 1`] = `
<View
  onLayout={[Function]}
  pointerEvents="box-none"
  style={
    Object {
      "backgroundColor": "#1c2227",
      "flex": 1,
      "paddingBottom": 0,
      "paddingLeft": 0,
      "paddingRight": 0,
      "paddingTop": 20,
    }
  }
>
  <View
    style={
      Object {
        "backgroundColor": "#1c2227",
        "flex": 1,
        "paddingBottom": 26.5,
        "paddingLeft": 15,
        "paddingRight": 15,
      }
    }
  >
    <RCTScrollView
      keyboardShouldPersistTaps="always"
      style={
        Object {
          "marginTop": 20,
        }
      }
    >
      <View>
        <View
          style={
            Object {
              "marginBottom": 93.5,
            }
          }
        />
        <View
          style={
            Object {
              "marginBottom": 10,
            }
          }
        >
          <Text
            accessible={true}
            allowFontScaling={true}
            ellipsizeMode="tail"
            style={
              Object {
                "color": "#ffffff",
                "fontFamily": "TitilliumWeb-Regular",
                "fontSize": 20,
              }
            }
          >
            Is this the correct recovery phrase? 
          </Text>
        </View>
        <View
          style={
            Object {
              "flex": 1,
              "flexDirection": "row",
              "justifyContent": "space-evenly",
            }
          }
        >
          <View
            style={
              Object {
                "height": 173.5,
                "width": 225,
              }
            }
          >
            <Text
              accessible={true}
              allowFontScaling={true}
              ellipsizeMode="tail"
              style={
                Object {
                  "color": "#ffffff",
                  "fontFamily": "TitilliumWeb-Regular",
                  "fontSize": 20,
                  "textAlign": "center",
                }
              }
            >
              1
              .
              

              goat
            </Text>
          </View>
          <View
            style={
              Object {
                "height": 173.5,
                "width": 225,
              }
            }
          >
            <Text
              accessible={true}
              allowFontScaling={true}
              ellipsizeMode="tail"
              style={
                Object {
                  "color": "#ffffff",
                  "fontFamily": "TitilliumWeb-Regular",
                  "fontSize": 20,
                  "textAlign": "center",
                }
              }
            >
              2
              .
              

              amount
            </Text>
          </View>
          <View
            style={
              Object {
                "height": 173.5,
                "width": 225,
              }
            }
          >
            <Text
              accessible={true}
              allowFontScaling={true}
              ellipsizeMode="tail"
              style={
                Object {
                  "color": "#ffffff",
                  "fontFamily": "TitilliumWeb-Regular",
                  "fontSize": 20,
                  "textAlign": "center",
                }
              }
            >
              3
              .
              

              liar
            </Text>
          </View>
        </View>
        <View
          style={
            Object {
              "flex": 1,
              "flexDirection": "row",
              "justifyContent": "space-evenly",
            }
          }
        >
          <View
            style={
              Object {
                "height": 173.5,
                "width": 225,
              }
            }
          >
            <Text
              accessible={true}
              allowFontScaling={true}
              ellipsizeMode="tail"
              style={
                Object {
                  "color": "#ffffff",
                  "fontFamily": "TitilliumWeb-Regular",
                  "fontSize": 20,
                  "textAlign": "center",
                }
              }
            >
              4
              .
              

              amount
            </Text>
          </View>
          <View
            style={
              Object {
                "height": 173.5,
                "width": 225,
              }
            }
          >
            <Text
              accessible={true}
              allowFontScaling={true}
              ellipsizeMode="tail"
              style={
                Object {
                  "color": "#ffffff",
                  "fontFamily": "TitilliumWeb-Regular",
                  "fontSize": 20,
                  "textAlign": "center",
                }
              }
            >
              5
              .
              

              expire
            </Text>
          </View>
          <View
            style={
              Object {
                "height": 173.5,
                "width": 225,
              }
            }
          >
            <Text
              accessible={true}
              allowFontScaling={true}
              ellipsizeMode="tail"
              style={
                Object {
                  "color": "#ffffff",
                  "fontFamily": "TitilliumWeb-Regular",
                  "fontSize": 20,
                  "textAlign": "center",
                }
              }
            >
              6
              .
              

              adjust
            </Text>
          </View>
        </View>
        <View
          style={
            Object {
              "flex": 1,
              "flexDirection": "row",
              "justifyContent": "space-evenly",
            }
          }
        >
          <View
            style={
              Object {
                "height": 173.5,
                "width": 225,
              }
            }
          >
            <Text
              accessible={true}
              allowFontScaling={true}
              ellipsizeMode="tail"
              style={
                Object {
                  "color": "#ffffff",
                  "fontFamily": "TitilliumWeb-Regular",
                  "fontSize": 20,
                  "textAlign": "center",
                }
              }
            >
              7
              .
              

              cage
            </Text>
          </View>
          <View
            style={
              Object {
                "height": 173.5,
                "width": 225,
              }
            }
          >
            <Text
              accessible={true}
              allowFontScaling={true}
              ellipsizeMode="tail"
              style={
                Object {
                  "color": "#ffffff",
                  "fontFamily": "TitilliumWeb-Regular",
                  "fontSize": 20,
                  "textAlign": "center",
                }
              }
            >
              8
              .
              

              candy
            </Text>
          </View>
          <View
            style={
              Object {
                "height": 173.5,
                "width": 225,
              }
            }
          >
            <Text
              accessible={true}
              allowFontScaling={true}
              ellipsizeMode="tail"
              style={
                Object {
                  "color": "#ffffff",
                  "fontFamily": "TitilliumWeb-Regular",
                  "fontSize": 20,
                  "textAlign": "center",
                }
              }
            >
              9
              .
              

              arch
            </Text>
          </View>
        </View>
        <View
          style={
            Object {
              "flex": 1,
              "flexDirection": "row",
              "justifyContent": "space-evenly",
            }
          }
        >
          <View
            style={
              Object {
                "height": 173.5,
                "width": 225,
              }
            }
          >
            <Text
              accessible={true}
              allowFontScaling={true}
              ellipsizeMode="tail"
              style={
                Object {
                  "color": "#ffffff",
                  "fontFamily": "TitilliumWeb-Regular",
                  "fontSize": 20,
                  "textAlign": "center",
                }
              }
            >
              10
              .
              

              gather
            </Text>
          </View>
          <View
            style={
              Object {
                "height": 173.5,
                "width": 225,
              }
            }
          >
            <Text
              accessible={true}
              allowFontScaling={true}
              ellipsizeMode="tail"
              style={
                Object {
                  "color": "#ffffff",
                  "fontFamily": "TitilliumWeb-Regular",
                  "fontSize": 20,
                  "textAlign": "center",
                }
              }
            >
              11
              .
              

              drum
            </Text>
          </View>
          <View
            style={
              Object {
                "height": 173.5,
                "width": 225,
              }
            }
          >
            <Text
              accessible={true}
              allowFontScaling={true}
              ellipsizeMode="tail"
              style={
                Object {
                  "color": "#ffffff",
                  "fontFamily": "TitilliumWeb-Regular",
                  "fontSize": 20,
                  "textAlign": "center",
                }
              }
            >
              12
              .
              

              buyer
            </Text>
          </View>
        </View>
      </View>
    </RCTScrollView>
    <View
      style={
        Object {
          "justifyContent": "flex-end",
        }
      }
    >
      <View
        style={
          Object {
            "justifyContent": "space-between",
            "marginTop": 26.5,
          }
        }
      >
        <View
          accessibilityComponentType="button"
          accessibilityTraits="button"
          accessible={true}
          isTVSelectable={true}
          onResponderGrant={[Function]}
          onResponderMove={[Function]}
          onResponderRelease={[Function]}
          onResponderTerminate={[Function]}
          onResponderTerminationRequest={[Function]}
          onStartShouldSetResponder={[Function]}
          style={
            Object {
              "alignContent": "center",
              "backgroundColor": "#4e957a",
              "borderRadius": 3,
              "height": 93.5,
              "justifyContent": "center",
              "opacity": 1,
            }
          }
        >
          <Text
            accessible={true}
            allowFontScaling={true}
            ellipsizeMode="tail"
            style={
              Object {
                "alignSelf": "center",
                "color": "#ffffff",
                "fontFamily": "TitilliumWeb-Regular",
                "fontSize": 16,
                "fontWeight": "bold",
              }
            }
          >
            Back
          </Text>
        </View>
      </View>
      <View
        style={
          Object {
            "justifyContent": "space-between",
            "marginTop": 26.5,
          }
        }
      >
        <View
          accessibilityComponentType="button"
          accessibilityTraits="button"
          accessible={true}
          isTVSelectable={true}
          onResponderGrant={[Function]}
          onResponderMove={[Function]}
          onResponderRelease={[Function]}
          onResponderTerminate={[Function]}
          onResponderTerminationRequest={[Function]}
          onStartShouldSetResponder={[Function]}
          style={
            Object {
              "alignContent": "center",
              "backgroundColor": "#4e957a",
              "borderRadius": 3,
              "height": 93.5,
              "justifyContent": "center",
              "opacity": 1,
            }
          }
        >
          <Text
            accessible={true}
            allowFontScaling={true}
            ellipsizeMode="tail"
            style={
              Object {
                "alignSelf": "center",
                "color": "#ffffff",
                "fontFamily": "TitilliumWeb-Regular",
                "fontSize": 16,
                "fontWeight": "bold",
              }
            }
          >
            Confirm
          </Text>
        </View>
      </View>
    </View>
  </View>
</View>
`;
