// Jest Snapshot v1, https://goo.gl/fbAQLP

exports[`testing CollapsiblePanel... renders correctly 1`] = `
<View
  style={
    Object {
      "backgroundColor": "transparent",
      "borderRadius": 5,
      "borderWidth": 0.5,
      "height": NaN,
      "marginBottom": 5,
      "overflow": "hidden",
    }
  }
>
  <View
    style={
      Object {
        "width": "100%",
      }
    }
  >
    <Image
      style={
        Array [
          Object {
            "bottom": 0,
            "left": 0,
            "position": "absolute",
            "right": 0,
            "top": 0,
          },
          Object {
            "height": undefined,
            "width": "100%",
          },
          undefined,
        ]
      }
    />
    <View
      accessible={true}
      isTVSelectable={true}
      onResponderGrant={[Function]}
      onResponderMove={[Function]}
      onResponderRelease={[Function]}
      onResponderTerminate={[Function]}
      onResponderTerminationRequest={[Function]}
      onStartShouldSetResponder={[Function]}
      style={Object {}}
    >
      <View
        onLayout={[Function]}
        style={
          Object {
            "flexDirection": "row",
          }
        }
      >
        <Text
          accessible={true}
          allowFontScaling={true}
          ellipsizeMode="tail"
          style={
            Object {
              "color": "#fff",
              "flex": 1,
              "fontFamily": "TitilliumWeb-Bold",
              "fontSize": 18,
              "marginBottom": 5,
              "marginLeft": 10,
              "marginRight": 10,
              "marginTop": 5,
              "textAlign": "left",
            }
          }
        />
        <Text
          accessible={true}
          allowFontScaling={true}
          ellipsizeMode="tail"
          style={
            Object {
              "color": "#fff",
              "flex": 1,
              "fontFamily": "TitilliumWeb-Bold",
              "fontSize": 18,
              "marginBottom": 5,
              "marginLeft": 10,
              "marginRight": 10,
              "marginTop": 5,
              "textAlign": "right",
            }
          }
        >
          200
        </Text>
      </View>
    </View>
    <View
      style={
        Object {
          "borderBottomColor": "white",
          "borderBottomWidth": 1,
          "marginBottom": 10,
          "marginLeft": 10,
          "marginRight": 10,
        }
      }
    />
    <View
      onLayout={[Function]}
      style={
        Object {
          "padding": 10,
          "paddingTop": 0,
        }
      }
    />
  </View>
</View>
`;
