// Jest Snapshot v1, https://goo.gl/fbAQLP

exports[`testing Dropdown... renders correctly 1`] = `
<View
  animated={true}
  defaultIndex={-1}
  defaultValue="Please select..."
  disabled={false}
  dropdownStyle={
    Object {
      "backgroundColor": "#ffffff",
      "borderRadius": 3,
      "marginTop": 22.5,
      "width": 705,
    }
  }
  dropdownTextStyle={
    Object {
      "color": "#000000",
      "fontFamily": "TitilliumWeb-Regular",
      "fontSize": 18,
    }
  }
  keyboardShouldPersistTaps="never"
  options={null}
  scrollEnabled={true}
  showsVerticalScrollIndicator={true}
  style={
    Array [
      Object {
        "alignContent": "center",
        "backgroundColor": "#ffffff",
        "borderRadius": 3,
        "height": 93.5,
        "justifyContent": "center",
        "paddingLeft": 7.5,
        "width": 750,
      },
      undefined,
    ]
  }
  textStyle={
    Object {
      "color": "#000000",
      "fontFamily": "TitilliumWeb-Regular",
      "fontSize": 18,
    }
  }
>
  <View
    accessible={true}
    isTVSelectable={true}
    onResponderGrant={[Function]}
    onResponderMove={[Function]}
    onResponderRelease={[Function]}
    onResponderTerminate={[Function]}
    onResponderTerminationRequest={[Function]}
    onStartShouldSetResponder={[Function]}
    style={
      Object {
        "opacity": 1,
      }
    }
  >
    <View
      style={
        Object {
          "justifyContent": "center",
        }
      }
    >
      <Text
        accessible={true}
        allowFontScaling={true}
        ellipsizeMode="tail"
        numberOfLines={1}
        style={
          Array [
            Object {
              "fontSize": 12,
            },
            Object {
              "color": "#000000",
              "fontFamily": "TitilliumWeb-Regular",
              "fontSize": 18,
            },
          ]
        }
      >
        Please select...
      </Text>
    </View>
  </View>
</View>
`;
