// Jest Snapshot v1, https://goo.gl/fbAQLP

exports[`testing RecoveryDropdown... renders correctly 1`] = `
<View
  style={
    Array [
      Object {
        "zIndex": 1,
      },
      Object {
        "backgroundColor": "#1c2227",
      },
    ]
  }
>
  <View
    style={
      Array [
        Object {
          "borderColor": "#b9b9b9",
          "borderRadius": 1,
          "borderWidth": 1,
        },
        Object {
          "alignContent": "center",
          "backgroundColor": "#1c2227",
          "borderRadius": 3,
          "height": 80,
          "justifyContent": "center",
          "overflow": "hidden",
          "paddingLeft": 15,
          "width": 450,
        },
      ]
    }
  >
    <TextInput
      allowFontScaling={true}
      autoCapitalize="none"
      autoCorrect={false}
      containerStyle={
        Object {
          "backgroundColor": "#1c2227",
        }
      }
      data={Array []}
      defaultValue=""
      inputContainerStyle={
        Object {
          "alignContent": "center",
          "backgroundColor": "#1c2227",
          "borderRadius": 3,
          "height": 80,
          "justifyContent": "center",
          "overflow": "hidden",
          "paddingLeft": 15,
          "width": 450,
        }
      }
      keyboardShouldPersistTaps="always"
      listContainerStyle={
        Object {
          "width": 450,
        }
      }
      onChangeText={[Function]}
      onEndEditing={[Function]}
      onStartShouldSetResponderCapture={[Function]}
      placeholderTextColor="#ffffff"
      renderItem={[Function]}
      renderSeparator={null}
      renderTextInput={[Function]}
      rowHasChanged={[Function]}
      style={
        Object {
          "backgroundColor": "#1c2227",
          "borderRadius": 3,
          "color": "#ffffff",
          "fontFamily": "TitilliumWeb-Regular",
          "fontSize": 20,
          "zIndex": 1,
        }
      }
    />
  </View>
  <View
    onStartShouldSetResponderCapture={[Function]}
    style={
      Object {
        "width": 450,
      }
    }
  />
</View>
`;
