// Jest Snapshot v1, https://goo.gl/fbAQLP

exports[`testing Stepper... renders correctly 1`] = `
<Image
  navigator={
    Object {
      "setStyle": [Function],
    }
  }
  parentStyles={
    Object {
      "wizardText": Object {
        "color": "#ffffff",
        "fontSize": 20,
      },
    }
  }
  resizeMode="contain"
  style={
    Object {
      "backgroundColor": "transparent",
      "height": 60,
      "marginBottom": 5,
      "width": "100%",
    }
  }
/>
`;
